> Task :checkKotlinGradlePluginConfigurationErrors SKIPPED
> Task :processResources UP-TO-DATE

> Task :compileKotlin FAILED
e: file:///C:/Users/Nasse/Downloads/SummonerSearcher/backend/src/main/kotlin/com/pride/summoner_searcher_api/controller/AuthController.kt:78:104 Argument type mismatch: actual type is 'kotlin.collections.MutableList<com.pride.summoner_searcher_api.model.RecentSearch>', but 'kotlin.collections.List<kotlin.String>' was expected.
e: file:///C:/Users/Nasse/Downloads/SummonerSearcher/backend/src/main/kotlin/com/pride/summoner_searcher_api/controller/AuthController.kt:106:100 Argument type mismatch: actual type is 'kotlin.collections.MutableList<com.pride.summoner_searcher_api.model.RecentSearch>', but 'kotlin.collections.List<kotlin.String>' was expected.

FAILURE: Build failed with an exception.

* What went wrong:
Execution failed for task ':compileKotlin'.
> A failure occurred while executing org.jetbrains.kotlin.compilerRunner.GradleCompilerRunnerWithWorkers$GradleKotlinCompilerWorkAction
   > Compilation error. See log for more details

* Try:
> Run with --stacktrace option to get the stack trace.
> Run with --info or --debug option to get more log output.
> Run with --scan to get full insights.
> Get more help at https://help.gradle.org.

BUILD FAILED in 2s
2 actionable tasks: 1 executed, 1 up-to-date
